+ python3 /home/zxy/Workplace/books/tusim-book/experiments/ch11_source_audit.py /tmp/tusim-ch11-work.Smmaro e918c80b6fce833cd1fcae97730fa841c2176f25 
HASH PASS Makefile 5249a0e077438a4e6f70c74936c185bb1c30105bb834b3f89ac6a78b32630fd2
HASH PASS tu_cmodel/command_queue.c e8e24987b1cadb61d23bee76085ca7f11b37b7d387eb075033a1651f8a72a389
HASH PASS tu_cmodel/command_queue.h cf1f06164d7b3353158c3b70c0667d29b6e94a2ca90a08620232546023363135
HASH PASS tu_cmodel/tu_cmodel.c 542aa16f6f1561f0d55af05920e9922ed3c381a1ad193e6f2ecfca390a8b5059
HASH PASS tu_cmodel/tu_cmodel.h 416a0d20776825498217ff5d4382f07ccb2ac9689bbe6c70cacd1bf13e7725af
HASH PASS tu_cmodel/tu_config.h 129d55ad55409bcd4b5dcae5007faa297c087d48a150a4a85073d66e49cbb45d
HASH PASS tu_cmodel/infra/config.c 17b7919392d4a315022a129ce5bbdff301a2d3405af3163756b430b2b36dd12a
HASH PASS tu_cmodel/infra/config.h 723deb631e83705ab80143dd251761c3b98ca692c5d1eefb243d47aca551913b
HASH PASS config/tu_config.json 6f9d292696b1ca5fa38ad3298e7f3a04c43095c0950f71dbe0c3c68b1f15f4db
HASH PASS tu_cmodel/tu_asm.c 7d509822dd585bf9f445c96a7be03882a1019d42c39b19f9d14a5b8c5603daee
HASH PASS tu_cmodel/tu_core.c 0e4b3c6e206465748ae2d3d2e9871f3a6542a61cd1ddcddfff6886b9ed1f0eeb
HASH PASS tu_cmodel/tu_cluster.c 7c968e95ba0a88fcc27f803be6aa337161bfa691505cdd39b01146252fa77b36
HASH PASS tu_cmodel/bindings/tu_dpi.c 51ccaa58f226ed4d67f8b6c96b35a8ce77237980503de93e88335a0077d74b8a
HASH PASS tu_cmodel/compute/elementwise_pipeline.c e46a698f48bb69ac577b11ff866b4c34953a2ca03e2194bee85558cea4f656e2
HASH PASS tu_cmodel/isa/tu_isa.c 53bdf44cd720a933da174da55ab1180f8056de9fb2aaa5b9b534adb7af4c387f
HASH PASS tu_cmodel/isa/tu_isa.h 8efd760c3485492de68b6093d9fa617cdebc2f75de3453310ed3f207b4d16456
HASH PASS tu_cmodel/isa/tu_scheduler.c b76afa350cc6229fe981e4c188bdc7b8026df4ae74725b3106c624afee9c8893
HASH PASS tu_cmodel/isa/tu_scheduler.h d0af2cfa650f704b8abefadea0f1bb0bb02029c0d2168b7b608505b0fe1a3426
HASH PASS tests/test_command_queue.c f15c088772c5ac1eeedd25ceeeb8592f60f6b5386f5a854b5394f1d65e934237
HASH PASS tests/test_isa.c 1f20a476d30d73485473adf532848d7af3d372167b969d40f9fce9279d93d2d0
HASH PASS tests/test_asm.c c76512bc7ad8246c8d5dc747239c2bc1dd1b4872fb44e05bea0432ad660fc024
HASH PASS tests/test_scheduler.c c35fa60e174b338d9dfbd6e94fa40941820c2d5076b44e3a0ccf1f9cc1db71d0
HASH PASS tests/test_scheduler_sweep.c 9a56f263e42dcd7e5573868e388849a4ced6c65576b8f437aaff12f51be9e940
HASH PASS tests/test_config.c e2bf7d9a1bbac06863e3b8c372fa1cb854927fc1aeb73a08c79e08cd3f1db821
HASH PASS tests/test_elementwise.c 5346cc195d6a728990030cb372633ff6343de7c67c6991ce226b4b20ea015317
HASH PASS compiler/onnx_to_tu.py 9308a86a6c7a986c9fa6cfae6f1b147724de5a78cabaf34656e15de4e4713e2b
PREDICATE PASS archive-member-tu_asm.o
PREDICATE PASS archive-member-command_queue.o
PREDICATE PASS archive-member-isa/tu_isa.o
PREDICATE PASS archive-member-isa/tu_scheduler.o
PREDICATE PASS focused-target-test-cmdq
PREDICATE PASS focused-target-test-isa
PREDICATE PASS focused-target-test-asm
PREDICATE PASS focused-target-test-scheduler
PREDICATE PASS quick-includes-cmdq-asm-not-isa
PREDICATE PASS aggregate-includes-scheduler
PREDICATE PASS 96-bit-object-size
PREDICATE PASS 59-explicit-operation-enumerators
PREDICATE PASS 68-named-and-60-unknown-catalog-slots
PREDICATE PASS no-binary-encoder-api
PREDICATE PASS no-binary-decoder-api
PREDICATE PASS queue-opcode-alias
PREDICATE PASS queue-three-operand-forms
PREDICATE PASS queue-dispatch-TU_CMD_NOP
PREDICATE PASS queue-dispatch-TU_CMD_DMA_LOAD
PREDICATE PASS queue-dispatch-TU_CMD_DMA_STORE
PREDICATE PASS queue-dispatch-TU_CMD_MMA
PREDICATE PASS queue-dispatch-TU_CMD_SYNC
PREDICATE PASS queue-dispatch-TU_CMD_BARRIER
PREDICATE PASS queue-dispatch-TU_CMD_HALT
PREDICATE PASS queue-dispatch-TU_CMD_ELEMENTWISE
PREDICATE PASS unsupported-opcode-fault
PREDICATE PASS submit-returns-id
PREDICATE PASS header-return-contract-conflict
PREDICATE PASS missing-dependency-assumed-complete
PREDICATE PASS submitted-timestamp-written-at-execution
PREDICATE PASS sync-bypasses-dependency-check
PREDICATE PASS async-submit-auto-tick
PREDICATE PASS retirement-guard-inverted
PREDICATE PASS unknown-status-completed
PREDICATE PASS unknown-wait-success
PREDICATE PASS signal-id-assigned
PREDICATE PASS signal-registry-never-populated
PREDICATE PASS sync-drain-no-op
PREDICATE PASS reset-restarts-command-id
PREDICATE PASS reset-does-not-restart-signal-id
PREDICATE PASS public-ew-count-stored-before-local-clamp
PREDICATE PASS queue-ew-forwards-unclamped-stored-count
PREDICATE PASS fused-elementwise-rejects-count-above-eight
PREDICATE PASS fused-elementwise-rejects-before-copy
PREDICATE PASS compile-time-queue-init
PREDICATE PASS compiled-queue-depth-16
PREDICATE PASS compiled-dependency-checking-off
PREDICATE PASS compiled-functional-mode-default
PREDICATE PASS full-config-default-queue-depth-16
PREDICATE PASS full-config-default-dependency-off
PREDICATE PASS full-config-default-cycle-model-2
PREDICATE PASS full-config-parses-dependency-switch
PREDICATE PASS full-config-parses-instruction-width
PREDICATE PASS full-config-parses-queue-depth
PREDICATE PASS full-config-parses-cycle-model
PREDICATE PASS runtime-converter-drops-isa_instr_width_bits
PREDICATE PASS runtime-converter-drops-isa_queue_depth
PREDICATE PASS runtime-converter-drops-isa_dep_checking
PREDICATE PASS runtime-converter-drops-cycle_model
PREDICATE PASS shipped-config-instruction-width-96
PREDICATE PASS shipped-config-cycle-model-label
PREDICATE PASS parsed-queue-depth-not-consumed-by-core
PREDICATE PASS parsed-dependency-switch-not-consumed-by-core
PREDICATE PASS legacy-asm-LOAD_W
PREDICATE PASS legacy-asm-LOAD_A
PREDICATE PASS legacy-asm-LOAD_O
PREDICATE PASS legacy-asm-STORE_O
PREDICATE PASS legacy-asm-MMA
PREDICATE PASS legacy-asm-SYNC
PREDICATE PASS legacy-asm-no-barrier
PREDICATE PASS asm-reinitializes-global-state
PREDICATE PASS asm-bypasses-command-queue
PREDICATE PASS asm-bypasses-scheduler
PREDICATE PASS asm-does-not-construct-packed-instructions
PREDICATE PASS asm-discards-host-buffer-size
PREDICATE PASS core-wrapper-reaches-legacy-asm
PREDICATE PASS dpi-reaches-queue-mma-wrapper
PREDICATE PASS dpi-reaches-queue-barrier-wrapper
PREDICATE PASS compiler-does-not-emit-binary-isa
PREDICATE PASS compiler-does-not-run-scheduler
PREDICATE PASS null-default-disables-hoist
PREDICATE PASS null-default-disables-insertion
PREDICATE PASS list-schedule-clears-barrier-count
PREDICATE PASS list-schedule-clears-hoist-count
PREDICATE PASS insertion-only-counts
PREDICATE PASS insertion-does-not-add-node
PREDICATE PASS dma-hoist-only-counts-candidate
PREDICATE PASS scheduler-edge-capacity-16
PREDICATE PASS scheduler-silently-drops-excess-edges
PREDICATE PASS scheduler-skips-barrier-as-later-predecessor
PREDICATE PASS pipeline-tiles-config-not-consumed
PREDICATE PASS max-window-config-not-consumed
PREDICATE PASS serial-fixed-cost-estimate
PREDICATE PASS whole-tree-scheduler-call-surface
PREDICATE PASS whole-tree-legacy-asm-call-surface
PREDICATE PASS whole-tree-command-queue-call-surface
CH11_SOURCE_AUDIT PASS pin=e918c80b6fce833cd1fcae97730fa841c2176f25 hashes=26 predicates=96 checks=122
