inputs/edition.yaml: OK
inputs/experiments/ch17_measurement_probe.c: OK
inputs/experiments/ch17_predraft_validate.py: OK
inputs/experiments/ch17_source_audit.py: OK
inputs/experiments/run_ch17_measurement_audit.sh: OK
inputs/fidelity-matrix.md: OK
inputs/notes/chapter-17-framing-and-evidence-plan.md: OK
inputs/notes/chapter-17-predraft-source-audit-report.md: OK
inputs/notes/chapter-17-skeptical-review-dispositions.md: OK
inputs/notes/chapter-17-source-and-claim-ledger.md: OK
inputs/PLAN.md: OK
inputs/references/ch17-measurement-primary-sources.md: OK
inputs/source-audit.md: OK
inputs/style-guide.md: OK
input-hashes.txt: OK
input_commit: OK
source_pin: OK
tusim-ignored-before.sha256: OK
tusim-ignored-after.sha256: OK
source-audit.log: OK
source-audit-pin-mutation.log: OK
source-audit-mutation.log: OK
source-audit-restored.log: OK
build.log: OK
archive-members.log: OK
ch17-probe-readelf.log: OK
test-bench-readelf.log: OK
test-cycle-readelf.log: OK
test-logging-readelf.log: OK
test-perf-readelf.log: OK
test-power-readelf.log: OK
test-trace-readelf.log: OK
test-perf.log: OK
test-trace.log: OK
test-logging.log: OK
test-power.log: OK
test-cycle.log: OK
test-perf-mutation.log: OK
test-bench.log: OK
probe.log: OK
validator-mutation-normal.log: OK
validator-mutation-optimized.log: OK
transcript.log: OK
