[       0] CORE  [1;32mINFO [0m TinyTU CModel initializing...
[       0] CORE  [1;32mINFO [0m Initialized: 16×16 PE, 0 KB SRAM, dataflow=weight_stationary
[       0] CORE  [1;32mINFO [0m tu_core_t [0] created
[       0] CORE  [1;32mINFO [0m tu_core_t [0] destroyed
[       0] CORE  [1;32mINFO [0m TinyTU CModel initializing...
[       0] CORE  [1;32mINFO [0m Initialized: 16×16 PE, 0 KB SRAM, dataflow=weight_stationary
[       0] CORE  [1;32mINFO [0m tu_core_t [0] created
[       0] CORE  [1;32mINFO [0m tu_core_t [0] destroyed
[       0] CORE  [1;32mINFO [0m TinyTU CModel initializing...
[       0] CORE  [1;32mINFO [0m Initialized: 16×16 PE, 0 KB SRAM, dataflow=weight_stationary
[       0] CORE  [1;32mINFO [0m tu_core_t [0] created
[       0] CORE  [1;32mINFO [0m tu_core_t [0] destroyed
[       0] CORE  [1;32mINFO [0m TinyTU CModel initializing...
[       0] CORE  [1;32mINFO [0m Initialized: 16×16 PE, 0 KB SRAM, dataflow=weight_stationary
[       0] CORE  [1;32mINFO [0m tu_core_t [0] created
[       0] CORE  [1;32mINFO [0m tu_core_t [0] destroyed
[       0] CORE  [1;32mINFO [0m TinyTU CModel initializing...
[       0] CORE  [1;32mINFO [0m Initialized: 16×16 PE, 0 KB SRAM, dataflow=weight_stationary
[       0] CORE  [1;32mINFO [0m tu_core_t [0] created
[       0] CORE  [1;32mINFO [0m tu_core_t [0] destroyed
[       0] CORE  [1;32mINFO [0m TinyTU CModel initializing...
[       0] CORE  [1;32mINFO [0m Initialized: 16×16 PE, 0 KB SRAM, dataflow=weight_stationary
[       0] CORE  [1;32mINFO [0m tu_core_t [0] created
[       0] CORE  [1;32mINFO [0m tu_core_t [0] destroyed
[       0] CORE  [1;32mINFO [0m TinyTU CModel initializing...
[       0] CORE  [1;32mINFO [0m Initialized: 16×16 PE, 0 KB SRAM, dataflow=weight_stationary
[       0] CORE  [1;32mINFO [0m tu_core_t [0] created
[       0] CORE  [1;32mINFO [0m tu_core_t [0] destroyed
[       0] CORE  [1;32mINFO [0m TinyTU CModel initializing...
[       0] CORE  [1;32mINFO [0m Initialized: 16×16 PE, 0 KB SRAM, dataflow=weight_stationary
[       0] CORE  [1;32mINFO [0m tu_core_t [0] created
[       0] CORE  [1;32mINFO [0m tu_core_t [0] destroyed
[       0] CORE  [1;32mINFO [0m TinyTU CModel initializing...
[       0] CORE  [1;32mINFO [0m Initialized: 16×16 PE, 0 KB SRAM, dataflow=weight_stationary
[       0] CORE  [1;32mINFO [0m tu_core_t [0] created
[       0] CORE  [1;32mINFO [0m tu_core_t [0] destroyed
[       0] CORE  [1;32mINFO [0m TinyTU CModel initializing...
[       0] CORE  [1;32mINFO [0m Initialized: 16×16 PE, 0 KB SRAM, dataflow=weight_stationary
[       0] CORE  [1;32mINFO [0m tu_core_t [0] created
[       0] CORE  [1;32mINFO [0m tu_core_t [0] destroyed
[       0] CORE  [1;32mINFO [0m TinyTU CModel initializing...
[       0] CORE  [1;32mINFO [0m Initialized: 16×16 PE, 0 KB SRAM, dataflow=weight_stationary
[       0] CORE  [1;32mINFO [0m tu_core_t [0] created
[       0] CORE  [1;32mINFO [0m tu_core_t [0] destroyed
[       0] CORE  [1;32mINFO [0m TinyTU CModel initializing...
[       0] CORE  [1;32mINFO [0m Initialized: 16×16 PE, 0 KB SRAM, dataflow=weight_stationary
[       0] CORE  [1;32mINFO [0m tu_core_t [0] created
[       0] CORE  [1;32mINFO [0m tu_core_t [0] destroyed
[       0] CORE  [1;32mINFO [0m TinyTU CModel initializing...
[       0] CORE  [1;32mINFO [0m Initialized: 16×16 PE, 0 KB SRAM, dataflow=weight_stationary
[       0] CORE  [1;32mINFO [0m tu_core_t [0] created
[       0] CORE  [1;32mINFO [0m tu_core_t [0] destroyed
[       0] CORE  [1;32mINFO [0m TinyTU CModel initializing...
[       0] CORE  [1;32mINFO [0m Initialized: 16×16 PE, 0 KB SRAM, dataflow=weight_stationary
[       0] CORE  [1;32mINFO [0m tu_core_t [0] created
[       0] CORE  [1;32mINFO [0m tu_core_t [0] destroyed
[       0] CORE  [1;32mINFO [0m TinyTU CModel initializing...
[       0] CORE  [1;32mINFO [0m Initialized: 16×16 PE, 0 KB SRAM, dataflow=weight_stationary
[       0] CORE  [1;32mINFO [0m tu_core_t [0] created
[       0] CORE  [1;32mINFO [0m tu_core_t [0] destroyed
[       0] CORE  [1;32mINFO [0m TinyTU CModel initializing...
[       0] CORE  [1;32mINFO [0m Initialized: 16×16 PE, 0 KB SRAM, dataflow=weight_stationary
[       0] CORE  [1;32mINFO [0m tu_core_t [0] created
[       0] CORE  [1;32mINFO [0m tu_core_t [0] destroyed
[       0] CORE  [1;32mINFO [0m TinyTU CModel initializing...
[       0] CORE  [1;32mINFO [0m Initialized: 16×16 PE, 0 KB SRAM, dataflow=weight_stationary
[       0] CORE  [1;32mINFO [0m tu_core_t [0] created
[       0] CORE  [1;32mINFO [0m tu_core_t [0] destroyed
[       0] CORE  [1;32mINFO [0m TinyTU CModel initializing...
[       0] CORE  [1;32mINFO [0m Initialized: 16×16 PE, 0 KB SRAM, dataflow=weight_stationary
[       0] CORE  [1;32mINFO [0m tu_core_t [0] created
[       0] CORE  [1;32mINFO [0m tu_core_t [0] destroyed
[       0] CORE  [1;32mINFO [0m TinyTU CModel initializing...
[       0] CORE  [1;32mINFO [0m Initialized: 16×16 PE, 0 KB SRAM, dataflow=weight_stationary
[       0] CORE  [1;32mINFO [0m tu_core_t [0] created
[       0] CORE  [1;32mINFO [0m tu_core_t [0] destroyed
[       0] CORE  [1;32mINFO [0m TinyTU CModel initializing...
[       0] CORE  [1;32mINFO [0m Initialized: 16×16 PE, 0 KB SRAM, dataflow=weight_stationary
[       0] CORE  [1;32mINFO [0m tu_core_t [0] created
[       0] CORE  [1;32mINFO [0m tu_core_t [0] destroyed
[       0] CORE  [1;32mINFO [0m TinyTU CModel initializing...
[       0] CORE  [1;32mINFO [0m Initialized: 16×16 PE, 0 KB SRAM, dataflow=weight_stationary
[       0] CORE  [1;32mINFO [0m tu_core_t [0] created
[       0] CORE  [1;32mINFO [0m tu_core_t [0] destroyed
[       0] CORE  [1;32mINFO [0m TinyTU CModel initializing...
[       0] CORE  [1;32mINFO [0m Initialized: 16×16 PE, 0 KB SRAM, dataflow=weight_stationary
[       0] CORE  [1;32mINFO [0m tu_core_t [0] created
[       0] CORE  [1;32mINFO [0m tu_core_t [0] destroyed
[       0] CORE  [1;32mINFO [0m TinyTU CModel initializing...
[       0] CORE  [1;32mINFO [0m Initialized: 16×16 PE, 0 KB SRAM, dataflow=weight_stationary
[       0] CORE  [1;32mINFO [0m tu_core_t [0] created
[       0] CORE  [1;32mINFO [0m tu_core_t [0] destroyed
[       0] CORE  [1;32mINFO [0m TinyTU CModel initializing...
[       0] CORE  [1;32mINFO [0m Initialized: 16×16 PE, 0 KB SRAM, dataflow=weight_stationary
[       0] CORE  [1;32mINFO [0m tu_core_t [0] created
[       0] CORE  [1;32mINFO [0m tu_core_t [0] destroyed
[       0] CORE  [1;32mINFO [0m TinyTU CModel initializing...
[       0] CORE  [1;32mINFO [0m Initialized: 16×16 PE, 0 KB SRAM, dataflow=weight_stationary
[       0] CORE  [1;32mINFO [0m tu_core_t [0] created
[       0] CORE  [1;32mINFO [0m tu_core_t [0] destroyed
[       0] CORE  [1;32mINFO [0m TinyTU CModel initializing...
[       0] CORE  [1;32mINFO [0m Initialized: 16×16 PE, 0 KB SRAM, dataflow=weight_stationary
[       0] CORE  [1;32mINFO [0m tu_core_t [0] created
[       0] CORE  [1;32mINFO [0m tu_core_t [0] destroyed
[       0] CORE  [1;32mINFO [0m TinyTU CModel initializing...
[       0] CORE  [1;32mINFO [0m Initialized: 16×16 PE, 0 KB SRAM, dataflow=weight_stationary
[       0] CORE  [1;32mINFO [0m tu_core_t [0] created
[       0] CORE  [1;32mINFO [0m tu_core_t [0] destroyed
[       0] CORE  [1;32mINFO [0m TinyTU CModel initializing...
[       0] CORE  [1;32mINFO [0m Initialized: 16×16 PE, 0 KB SRAM, dataflow=weight_stationary
[       0] CORE  [1;32mINFO [0m tu_core_t [0] created
[       0] CORE  [1;32mINFO [0m tu_core_t [0] destroyed
[       0] CORE  [1;32mINFO [0m TinyTU CModel initializing...
[       0] CORE  [1;32mINFO [0m Initialized: 16×16 PE, 0 KB SRAM, dataflow=weight_stationary
[       0] CORE  [1;32mINFO [0m tu_core_t [0] created
[       0] CORE  [1;32mINFO [0m tu_core_t [0] destroyed
[       0] CORE  [1;32mINFO [0m TinyTU CModel initializing...
[       0] CORE  [1;32mINFO [0m Initialized: 16×16 PE, 0 KB SRAM, dataflow=weight_stationary
[       0] CORE  [1;32mINFO [0m tu_core_t [0] created
[       0] CORE  [1;32mINFO [0m tu_core_t [0] destroyed
[       0] CORE  [1;32mINFO [0m TinyTU CModel initializing...
[       0] CORE  [1;32mINFO [0m Initialized: 16×16 PE, 0 KB SRAM, dataflow=weight_stationary
[       0] CORE  [1;32mINFO [0m tu_core_t [0] created
[       0] CORE  [1;32mINFO [0m tu_core_t [0] destroyed
[       0] CORE  [1;32mINFO [0m TinyTU CModel initializing...
[       0] CORE  [1;32mINFO [0m Initialized: 16×16 PE, 0 KB SRAM, dataflow=weight_stationary
[       0] CORE  [1;32mINFO [0m tu_core_t [0] created
[       0] CORE  [1;32mINFO [0m tu_core_t [0] destroyed
[       0] CORE  [1;32mINFO [0m TinyTU CModel initializing...
[       0] CORE  [1;32mINFO [0m Initialized: 16×16 PE, 0 KB SRAM, dataflow=weight_stationary
[       0] CORE  [1;32mINFO [0m tu_core_t [0] created
[       0] CORE  [1;32mINFO [0m tu_core_t [0] destroyed
[       0] CORE  [1;32mINFO [0m TinyTU CModel initializing...
[       0] CORE  [1;32mINFO [0m Initialized: 16×16 PE, 0 KB SRAM, dataflow=weight_stationary
[       0] CORE  [1;32mINFO [0m tu_core_t [0] created
[       0] CORE  [1;32mINFO [0m tu_core_t [0] destroyed
[       0] CORE  [1;32mINFO [0m TinyTU CModel initializing...
[       0] CORE  [1;32mINFO [0m Initialized: 16×16 PE, 0 KB SRAM, dataflow=weight_stationary
[       0] CORE  [1;32mINFO [0m tu_core_t [0] created
[       0] CORE  [1;32mINFO [0m tu_core_t [0] destroyed
[       0] CORE  [1;32mINFO [0m TinyTU CModel initializing...
[       0] CORE  [1;32mINFO [0m Initialized: 16×16 PE, 0 KB SRAM, dataflow=weight_stationary
[       0] CORE  [1;32mINFO [0m tu_core_t [0] created
tu_db: W-buf double-buffered (64 bytes ×2 = 128 total)
[       0] CORE  [1;32mINFO [0m tu_core_t [0] destroyed
[       0] CORE  [1;32mINFO [0m TinyTU CModel initializing...
[       0] CORE  [1;32mINFO [0m Initialized: 16×16 PE, 0 KB SRAM, dataflow=weight_stationary
[       0] CORE  [1;32mINFO [0m tu_core_t [0] created
[       0] CORE  [1;32mINFO [0m tu_core_t [0] destroyed
[       0] CORE  [1;32mINFO [0m TinyTU CModel initializing...
[       0] CORE  [1;32mINFO [0m Initialized: 16×16 PE, 0 KB SRAM, dataflow=weight_stationary
[       0] CORE  [1;32mINFO [0m tu_core_t [0] created
[       0] CORE  [1;32mINFO [0m tu_core_t [0] destroyed
