**Configs tested:** 120

| M | N | Tiles | Full | Edge | Util% | Fill | Comp | Drain | DMA | Total | TOPS |
|---|----|-------|------|------|-------|------|------|-------|-----|-------|------|
| 16 | 16 | 1 | 1 | 0 | 100.0% | 2 | 128 | 2 | 272 | 404 | 0.162 |
| 16 | 32 | 2 | 2 | 0 | 100.0% | 4 | 256 | 2 | 416 | 678 | 0.193 |
| 16 | 48 | 3 | 3 | 0 | 100.0% | 6 | 384 | 2 | 560 | 952 | 0.207 |
| 16 | 64 | 4 | 4 | 0 | 100.0% | 8 | 512 | 2 | 704 | 1226 | 0.214 |
| 16 | 80 | 5 | 5 | 0 | 100.0% | 10 | 640 | 2 | 848 | 1500 | 0.218 |
| 16 | 96 | 6 | 6 | 0 | 100.0% | 12 | 768 | 2 | 992 | 1774 | 0.222 |
| 16 | 128 | 8 | 8 | 0 | 100.0% | 16 | 1024 | 2 | 1280 | 2322 | 0.226 |
| 16 | 160 | 10 | 10 | 0 | 100.0% | 20 | 1280 | 2 | 1568 | 2870 | 0.228 |
| 16 | 192 | 12 | 12 | 0 | 100.0% | 24 | 1536 | 2 | 1856 | 3418 | 0.230 |
| 16 | 256 | 16 | 16 | 0 | 100.0% | 32 | 2048 | 2 | 2432 | 4514 | 0.232 |
| 20 | 16 | 2 | 1 | 1 | 62.5% | 2 | 256 | 4 | 308 | 570 | 0.144 |
| 20 | 32 | 4 | 2 | 2 | 62.5% | 4 | 512 | 4 | 456 | 976 | 0.168 |
| 20 | 48 | 6 | 3 | 3 | 62.5% | 6 | 768 | 4 | 604 | 1382 | 0.178 |
| 20 | 64 | 8 | 4 | 4 | 62.5% | 8 | 1024 | 4 | 752 | 1788 | 0.183 |
| 20 | 80 | 10 | 5 | 5 | 62.5% | 10 | 1280 | 4 | 900 | 2194 | 0.187 |
| 20 | 96 | 12 | 6 | 6 | 62.5% | 12 | 1536 | 4 | 1048 | 2600 | 0.189 |
| 20 | 128 | 16 | 8 | 8 | 62.5% | 16 | 2048 | 4 | 1344 | 3412 | 0.192 |
| 20 | 160 | 20 | 10 | 10 | 62.5% | 20 | 2560 | 4 | 1640 | 4224 | 0.194 |
| 20 | 192 | 24 | 12 | 12 | 62.5% | 24 | 3072 | 4 | 1936 | 5036 | 0.195 |
| 20 | 256 | 32 | 16 | 16 | 62.5% | 32 | 4096 | 4 | 2528 | 6660 | 0.197 |
| 32 | 16 | 2 | 2 | 0 | 100.0% | 2 | 256 | 4 | 416 | 678 | 0.193 |
| 32 | 32 | 4 | 4 | 0 | 100.0% | 4 | 512 | 4 | 576 | 1096 | 0.239 |
| 32 | 48 | 6 | 6 | 0 | 100.0% | 6 | 768 | 4 | 736 | 1514 | 0.260 |
| 32 | 64 | 8 | 8 | 0 | 100.0% | 8 | 1024 | 4 | 896 | 1932 | 0.271 |
| 32 | 80 | 10 | 10 | 0 | 100.0% | 10 | 1280 | 4 | 1056 | 2350 | 0.279 |
| 32 | 96 | 12 | 12 | 0 | 100.0% | 12 | 1536 | 4 | 1216 | 2768 | 0.284 |
| 32 | 128 | 16 | 16 | 0 | 100.0% | 16 | 2048 | 4 | 1536 | 3604 | 0.291 |
| 32 | 160 | 20 | 20 | 0 | 100.0% | 20 | 2560 | 4 | 1856 | 4440 | 0.295 |
| 32 | 192 | 24 | 24 | 0 | 100.0% | 24 | 3072 | 4 | 2176 | 5276 | 0.298 |
| 32 | 256 | 32 | 32 | 0 | 100.0% | 32 | 4096 | 4 | 2816 | 6948 | 0.302 |
| 40 | 16 | 3 | 2 | 1 | 83.3% | 2 | 384 | 6 | 488 | 880 | 0.186 |
| 40 | 32 | 6 | 4 | 2 | 83.3% | 4 | 768 | 6 | 656 | 1434 | 0.229 |
| 40 | 48 | 9 | 6 | 3 | 83.3% | 6 | 1152 | 6 | 824 | 1988 | 0.247 |
| 40 | 64 | 12 | 8 | 4 | 83.3% | 8 | 1536 | 6 | 992 | 2542 | 0.258 |
| 40 | 80 | 15 | 10 | 5 | 83.3% | 10 | 1920 | 6 | 1160 | 3096 | 0.265 |
| 40 | 96 | 18 | 12 | 6 | 83.3% | 12 | 2304 | 6 | 1328 | 3650 | 0.269 |
| 40 | 128 | 24 | 16 | 8 | 83.3% | 16 | 3072 | 6 | 1664 | 4758 | 0.275 |
| 40 | 160 | 30 | 20 | 10 | 83.3% | 20 | 3840 | 6 | 2000 | 5866 | 0.279 |
| 40 | 192 | 36 | 24 | 12 | 83.3% | 24 | 4608 | 6 | 2336 | 6974 | 0.282 |
| 40 | 256 | 48 | 32 | 16 | 83.3% | 32 | 6144 | 6 | 3008 | 9190 | 0.285 |
| 64 | 16 | 4 | 4 | 0 | 100.0% | 2 | 512 | 8 | 704 | 1226 | 0.214 |
| 64 | 32 | 8 | 8 | 0 | 100.0% | 4 | 1024 | 8 | 896 | 1932 | 0.271 |
| 64 | 48 | 12 | 12 | 0 | 100.0% | 6 | 1536 | 8 | 1088 | 2638 | 0.298 |
| 64 | 64 | 16 | 16 | 0 | 100.0% | 8 | 2048 | 8 | 1280 | 3344 | 0.314 |
| 64 | 80 | 20 | 20 | 0 | 100.0% | 10 | 2560 | 8 | 1472 | 4050 | 0.324 |
| 64 | 96 | 24 | 24 | 0 | 100.0% | 12 | 3072 | 8 | 1664 | 4756 | 0.331 |
| 64 | 128 | 32 | 32 | 0 | 100.0% | 16 | 4096 | 8 | 2048 | 6168 | 0.340 |
| 64 | 160 | 40 | 40 | 0 | 100.0% | 20 | 5120 | 8 | 2432 | 7580 | 0.346 |
| 64 | 192 | 48 | 48 | 0 | 100.0% | 24 | 6144 | 8 | 2816 | 8992 | 0.350 |
| 64 | 256 | 64 | 64 | 0 | 100.0% | 32 | 8192 | 8 | 3584 | 11816 | 0.355 |
| 80 | 16 | 5 | 5 | 0 | 100.0% | 2 | 640 | 10 | 848 | 1500 | 0.218 |
| 80 | 32 | 10 | 10 | 0 | 100.0% | 4 | 1280 | 10 | 1056 | 2350 | 0.279 |
| 80 | 48 | 15 | 15 | 0 | 100.0% | 6 | 1920 | 10 | 1264 | 3200 | 0.307 |
| 80 | 64 | 20 | 20 | 0 | 100.0% | 8 | 2560 | 10 | 1472 | 4050 | 0.324 |
| 80 | 80 | 25 | 25 | 0 | 100.0% | 10 | 3200 | 10 | 1680 | 4900 | 0.334 |
| 80 | 96 | 30 | 30 | 0 | 100.0% | 12 | 3840 | 10 | 1888 | 5750 | 0.342 |
| 80 | 128 | 40 | 40 | 0 | 100.0% | 16 | 5120 | 10 | 2304 | 7450 | 0.352 |
| 80 | 160 | 50 | 50 | 0 | 100.0% | 20 | 6400 | 10 | 2720 | 9150 | 0.358 |
| 80 | 192 | 60 | 60 | 0 | 100.0% | 24 | 7680 | 10 | 3136 | 10850 | 0.362 |
| 80 | 256 | 80 | 80 | 0 | 100.0% | 32 | 10240 | 10 | 3968 | 14250 | 0.368 |
| 96 | 16 | 6 | 6 | 0 | 100.0% | 2 | 768 | 12 | 992 | 1774 | 0.222 |
| 96 | 32 | 12 | 12 | 0 | 100.0% | 4 | 1536 | 12 | 1216 | 2768 | 0.284 |
| 96 | 48 | 18 | 18 | 0 | 100.0% | 6 | 2304 | 12 | 1440 | 3762 | 0.314 |
| 96 | 64 | 24 | 24 | 0 | 100.0% | 8 | 3072 | 12 | 1664 | 4756 | 0.331 |
| 96 | 80 | 30 | 30 | 0 | 100.0% | 10 | 3840 | 12 | 1888 | 5750 | 0.342 |
| 96 | 96 | 36 | 36 | 0 | 100.0% | 12 | 4608 | 12 | 2112 | 6744 | 0.350 |
| 96 | 128 | 48 | 48 | 0 | 100.0% | 16 | 6144 | 12 | 2560 | 8732 | 0.360 |
| 96 | 160 | 60 | 60 | 0 | 100.0% | 20 | 7680 | 12 | 3008 | 10720 | 0.367 |
| 96 | 192 | 72 | 72 | 0 | 100.0% | 24 | 9216 | 12 | 3456 | 12708 | 0.371 |
| 96 | 256 | 96 | 96 | 0 | 100.0% | 32 | 12288 | 12 | 4352 | 16684 | 0.377 |
| 128 | 16 | 8 | 8 | 0 | 100.0% | 2 | 1024 | 16 | 1280 | 2322 | 0.226 |
| 128 | 32 | 16 | 16 | 0 | 100.0% | 4 | 2048 | 16 | 1536 | 3604 | 0.291 |
| 128 | 48 | 24 | 24 | 0 | 100.0% | 6 | 3072 | 16 | 1792 | 4886 | 0.322 |
| 128 | 64 | 32 | 32 | 0 | 100.0% | 8 | 4096 | 16 | 2048 | 6168 | 0.340 |
| 128 | 80 | 40 | 40 | 0 | 100.0% | 10 | 5120 | 16 | 2304 | 7450 | 0.352 |
| 128 | 96 | 48 | 48 | 0 | 100.0% | 12 | 6144 | 16 | 2560 | 8732 | 0.360 |
| 128 | 128 | 64 | 64 | 0 | 100.0% | 16 | 8192 | 16 | 3072 | 11296 | 0.371 |
| 128 | 160 | 80 | 80 | 0 | 100.0% | 20 | 10240 | 16 | 3584 | 13860 | 0.378 |
| 128 | 192 | 96 | 96 | 0 | 100.0% | 24 | 12288 | 16 | 4096 | 16424 | 0.383 |
| 128 | 256 | 128 | 128 | 0 | 100.0% | 32 | 16384 | 16 | 5120 | 21552 | 0.389 |
| 160 | 16 | 10 | 10 | 0 | 100.0% | 2 | 1280 | 20 | 1568 | 2870 | 0.228 |
| 160 | 32 | 20 | 20 | 0 | 100.0% | 4 | 2560 | 20 | 1856 | 4440 | 0.295 |
| 160 | 48 | 30 | 30 | 0 | 100.0% | 6 | 3840 | 20 | 2144 | 6010 | 0.327 |
| 160 | 64 | 40 | 40 | 0 | 100.0% | 8 | 5120 | 20 | 2432 | 7580 | 0.346 |
| 160 | 80 | 50 | 50 | 0 | 100.0% | 10 | 6400 | 20 | 2720 | 9150 | 0.358 |
| 160 | 96 | 60 | 60 | 0 | 100.0% | 12 | 7680 | 20 | 3008 | 10720 | 0.367 |
| 160 | 128 | 80 | 80 | 0 | 100.0% | 16 | 10240 | 20 | 3584 | 13860 | 0.378 |
| 160 | 160 | 100 | 100 | 0 | 100.0% | 20 | 12800 | 20 | 4160 | 17000 | 0.386 |
| 160 | 192 | 120 | 120 | 0 | 100.0% | 24 | 15360 | 20 | 4736 | 20140 | 0.390 |
| 160 | 256 | 160 | 160 | 0 | 100.0% | 32 | 20480 | 20 | 5888 | 26420 | 0.397 |
| 192 | 16 | 12 | 12 | 0 | 100.0% | 2 | 1536 | 24 | 1856 | 3418 | 0.230 |
| 192 | 32 | 24 | 24 | 0 | 100.0% | 4 | 3072 | 24 | 2176 | 5276 | 0.298 |
| 192 | 48 | 36 | 36 | 0 | 100.0% | 6 | 4608 | 24 | 2496 | 7134 | 0.331 |
| 192 | 64 | 48 | 48 | 0 | 100.0% | 8 | 6144 | 24 | 2816 | 8992 | 0.350 |
| 192 | 80 | 60 | 60 | 0 | 100.0% | 10 | 7680 | 24 | 3136 | 10850 | 0.362 |
| 192 | 96 | 72 | 72 | 0 | 100.0% | 12 | 9216 | 24 | 3456 | 12708 | 0.371 |
| 192 | 128 | 96 | 96 | 0 | 100.0% | 16 | 12288 | 24 | 4096 | 16424 | 0.383 |
| 192 | 160 | 120 | 120 | 0 | 100.0% | 20 | 15360 | 24 | 4736 | 20140 | 0.390 |
| 192 | 192 | 144 | 144 | 0 | 100.0% | 24 | 18432 | 24 | 5376 | 23856 | 0.396 |
| 192 | 256 | 192 | 192 | 0 | 100.0% | 32 | 24576 | 24 | 6656 | 31288 | 0.402 |
| 200 | 16 | 13 | 12 | 1 | 96.2% | 2 | 1664 | 26 | 1928 | 3620 | 0.226 |
| 200 | 32 | 26 | 24 | 2 | 96.2% | 4 | 3328 | 26 | 2256 | 5614 | 0.292 |
| 200 | 48 | 39 | 36 | 3 | 96.2% | 6 | 4992 | 26 | 2584 | 7608 | 0.323 |
| 200 | 64 | 52 | 48 | 4 | 96.2% | 8 | 6656 | 26 | 2912 | 9602 | 0.341 |
| 200 | 80 | 65 | 60 | 5 | 96.2% | 10 | 8320 | 26 | 3240 | 11596 | 0.353 |
| 200 | 96 | 78 | 72 | 6 | 96.2% | 12 | 9984 | 26 | 3568 | 13590 | 0.362 |
| 200 | 128 | 104 | 96 | 8 | 96.2% | 16 | 13312 | 26 | 4224 | 17578 | 0.373 |
| 200 | 160 | 130 | 120 | 10 | 96.2% | 20 | 16640 | 26 | 4880 | 21566 | 0.380 |
| 200 | 192 | 156 | 144 | 12 | 96.2% | 24 | 19968 | 26 | 5536 | 25554 | 0.385 |
| 200 | 256 | 208 | 192 | 16 | 96.2% | 32 | 26624 | 26 | 6848 | 33530 | 0.391 |
| 256 | 16 | 16 | 16 | 0 | 100.0% | 2 | 2048 | 32 | 2432 | 4514 | 0.232 |
| 256 | 32 | 32 | 32 | 0 | 100.0% | 4 | 4096 | 32 | 2816 | 6948 | 0.302 |
| 256 | 48 | 48 | 48 | 0 | 100.0% | 6 | 6144 | 32 | 3200 | 9382 | 0.335 |
| 256 | 64 | 64 | 64 | 0 | 100.0% | 8 | 8192 | 32 | 3584 | 11816 | 0.355 |
| 256 | 80 | 80 | 80 | 0 | 100.0% | 10 | 10240 | 32 | 3968 | 14250 | 0.368 |
| 256 | 96 | 96 | 96 | 0 | 100.0% | 12 | 12288 | 32 | 4352 | 16684 | 0.377 |
| 256 | 128 | 128 | 128 | 0 | 100.0% | 16 | 16384 | 32 | 5120 | 21552 | 0.389 |
| 256 | 160 | 160 | 160 | 0 | 100.0% | 20 | 20480 | 32 | 5888 | 26420 | 0.397 |
| 256 | 192 | 192 | 192 | 0 | 100.0% | 24 | 24576 | 32 | 6656 | 31288 | 0.402 |
| 256 | 256 | 256 | 256 | 0 | 100.0% | 32 | 32768 | 32 | 8192 | 41024 | 0.409 |

### Summary by Aspect Ratio

| M:N Ratio | Samples | Avg Util% | Best TOPS | Worst TOPS | Avg Edge Tiles |
|-----------|---------|-----------|-----------|------------|----------------|
| 1.0:1 | 10 | 99.6% | 0.409 | 0.162 | 1.2 |
| 1.2:1 | 12 | 93.8% | 0.390 | 0.144 | 1.3 |
| 1.3:1 | 6 | 99.4% | 0.402 | 0.298 | 2.7 |
| 1.5:1 | 5 | 100.0% | 0.383 | 0.260 | 0.0 |
| 1.6:1 | 7 | 91.7% | 0.397 | 0.168 | 2.0 |
| 1.7:1 | 3 | 100.0% | 0.367 | 0.307 | 0.0 |
| 2.0:1 | 14 | 98.8% | 0.389 | 0.193 | 0.4 |
| 2.1:1 | 1 | 96.2% | 0.362 | 0.362 | 6.0 |
| 2.4:1 | 4 | 86.5% | 0.362 | 0.178 | 2.2 |
| 2.5:1 | 6 | 96.6% | 0.353 | 0.186 | 1.0 |
| 2.7:1 | 3 | 100.0% | 0.377 | 0.322 | 0.0 |
| 3.0:1 | 5 | 100.0% | 0.350 | 0.207 | 0.0 |
| 3.1:1 | 1 | 96.2% | 0.341 | 0.341 | 4.0 |
| 3.2:1 | 4 | 86.5% | 0.368 | 0.183 | 3.0 |
| 3.3:1 | 1 | 100.0% | 0.327 | 0.327 | 0.0 |
| 4.0:1 | 9 | 94.0% | 0.355 | 0.187 | 1.7 |
| 4.2:1 | 1 | 96.2% | 0.323 | 0.323 | 3.0 |
| 4.8:1 | 2 | 72.9% | 0.282 | 0.189 | 9.0 |
| 5.0:1 | 4 | 100.0% | 0.295 | 0.218 | 0.0 |
| 5.3:1 | 1 | 100.0% | 0.335 | 0.335 | 0.0 |
| 6.0:1 | 4 | 100.0% | 0.298 | 0.222 | 0.0 |
| 6.2:1 | 1 | 96.2% | 0.292 | 0.292 | 2.0 |
| 6.4:1 | 2 | 72.9% | 0.285 | 0.192 | 12.0 |
| 8.0:1 | 5 | 92.5% | 0.302 | 0.194 | 2.0 |
| 9.6:1 | 1 | 62.5% | 0.195 | 0.195 | 12.0 |
| 10.0:1 | 2 | 100.0% | 0.228 | 0.228 | 0.0 |
| 12.0:1 | 2 | 100.0% | 0.230 | 0.230 | 0.0 |
| 12.5:1 | 1 | 96.2% | 0.226 | 0.226 | 1.0 |
| 12.8:1 | 1 | 62.5% | 0.197 | 0.197 | 16.0 |
| 16.0:1 | 2 | 100.0% | 0.232 | 0.232 | 0.0 |

### Misalignment Penalty: Perfect vs Partial Tiles

**Worst edge utilization:**
| M | N | Tiling | Util% | Edge tiles | TOPS |
|---|---|--------|-------|------------|------|
| 20 | 16 | 2×1 | 62.5% | 1 | 0.144 |
| 20 | 32 | 2×2 | 62.5% | 2 | 0.169 |
| 20 | 48 | 2×3 | 62.5% | 3 | 0.179 |
| 20 | 64 | 2×4 | 62.5% | 4 | 0.184 |
| 20 | 80 | 2×5 | 62.5% | 5 | 0.188 |
| 20 | 96 | 2×6 | 62.5% | 6 | 0.190 |
| 20 | 128 | 2×8 | 62.5% | 8 | 0.193 |
| 20 | 160 | 2×10 | 62.5% | 10 | 0.195 |
