experiments/ch10_source_audit.py: OK
experiments/ch10_data_movement_probe.c: OK
experiments/ch10_extended_probe.c: OK
experiments/run_ch10_data_movement_audit.sh: OK
experiments/ch10_predraft_validate.py: OK
experiments/ch10-dma-descriptor-audit-2026-07-27.md: OK
notes/chapter-10-framing-and-evidence-plan.md: OK
notes/chapter-10-source-and-claim-ledger.md: OK
notes/chapter-10-skeptical-review-dispositions.md: OK
references/foundations.md: OK
experiments/runs/ch10-dma-contracts/20260727T211500Z-sealed/archive-members.txt: OK
experiments/runs/ch10-dma-contracts/20260727T211500Z-sealed/input-hashes.txt: OK
experiments/runs/ch10-dma-contracts/20260727T211500Z-sealed/ch10-agen.log: OK
experiments/runs/ch10-dma-contracts/20260727T211500Z-sealed/ch10-cmdq.log: OK
experiments/runs/ch10-dma-contracts/20260727T211500Z-sealed/ch10-cmodel.log: OK
experiments/runs/ch10-dma-contracts/20260727T211500Z-sealed/ch10-config.log: OK
experiments/runs/ch10-dma-contracts/20260727T211500Z-sealed/ch10-dma.log: OK
experiments/runs/ch10-dma-contracts/20260727T211500Z-sealed/ch10-double-buffer.log: OK
experiments/runs/ch10-dma-contracts/20260727T211500Z-sealed/ch10-extended.log: OK
experiments/runs/ch10-dma-contracts/20260727T211500Z-sealed/ch10-multicast.log: OK
experiments/runs/ch10-dma-contracts/20260727T211500Z-sealed/ch10-probe.log: OK
experiments/runs/ch10-dma-contracts/20260727T211500Z-sealed/ch10-scatter-gather.log: OK
experiments/runs/ch10-dma-contracts/20260727T211500Z-sealed/transcript.log: OK
FINALIZED_RUN PASS run_dir=/home/zxy/Workplace/books/tusim-book/experiments/runs/ch10-dma-contracts/20260727T211500Z-sealed manifest=/home/zxy/Workplace/books/tusim-book/experiments/runs/ch10-dma-contracts/20260727T211500Z-sealed/sha256-retained.txt transcript_sha256=ae1737540a24dd5a08f4d89462fc214ad2131a128829e3ff89b8208fb67d5bc0
