make: Entering directory '/tmp/ch20-audit-pcJLh3/src'
cc -O2 -Wall -Wextra -std=c11 -fPIC -c -o tu_cmodel/dma_descriptor.o tu_cmodel/dma_descriptor.c
cc -O2 -Wall -Wextra -std=c11 -fPIC -Itu_cmodel -c -o tu_cmodel/rounding.o tu_cmodel/rounding.c
cc -O2 -Wall -Wextra -std=c11 -fPIC -Itu_cmodel -c -o tu_cmodel/fp8.o tu_cmodel/fp8.c
cc -O2 -Wall -Wextra -std=c11 -fPIC -Itu_cmodel -c -o tu_cmodel/tf32.o tu_cmodel/tf32.c
cc -O2 -Wall -Wextra -std=c11 -fPIC -Itu_cmodel -c -o tu_cmodel/memory/dram_model.o tu_cmodel/memory/dram_model.c
cc -O2 -Wall -Wextra -std=c11 -fPIC -Itu_cmodel -c -o tu_cmodel/memory/memory_hierarchy.o tu_cmodel/memory/memory_hierarchy.c
cc -O2 -Wall -Wextra -std=c11 -fPIC -Itu_cmodel -c -o tu_cmodel/memory/double_buffer.o tu_cmodel/memory/double_buffer.c
cc -O2 -Wall -Wextra -std=c11 -fPIC -Itu_cmodel -c -o tu_cmodel/memory/address_generator.o tu_cmodel/memory/address_generator.c
cc -O2 -Wall -Wextra -std=c11 -fPIC -Itu_cmodel -c -o tu_cmodel/isa/tu_isa.o tu_cmodel/isa/tu_isa.c
cc -O2 -Wall -Wextra -std=c11 -fPIC -Itu_cmodel -c -o tu_cmodel/compute/elementwise_pipeline.o tu_cmodel/compute/elementwise_pipeline.c
cc -O2 -Wall -Wextra -std=c11 -fPIC -Itu_cmodel -c -o tu_cmodel/compute/normalization_engine.o tu_cmodel/compute/normalization_engine.c
cc -O2 -Wall -Wextra -std=c11 -fPIC -Itu_cmodel -c -o tu_cmodel/compute/softmax_engine.o tu_cmodel/compute/softmax_engine.c
cc -O2 -Wall -Wextra -std=c11 -fPIC -Itu_cmodel -c -o tu_cmodel/compute/convolution_engine.o tu_cmodel/compute/convolution_engine.c
cc -O2 -Wall -Wextra -std=c11 -fPIC -Itu_cmodel -c -o tu_cmodel/compute/attention_engine.o tu_cmodel/compute/attention_engine.c
cc -O2 -Wall -Wextra -std=c11 -fPIC -Itu_cmodel -c -o tu_cmodel/compute/pooling_engine.o tu_cmodel/compute/pooling_engine.c
cc -O2 -Wall -Wextra -std=c11 -fPIC -Itu_cmodel -c -o tu_cmodel/infra/logging.o tu_cmodel/infra/logging.c
cc -O2 -Wall -Wextra -std=c11 -fPIC -Itu_cmodel -c -o tu_cmodel/infra/json_reader.o tu_cmodel/infra/json_reader.c
cc -O2 -Wall -Wextra -std=c11 -fPIC -Itu_cmodel -c -o tu_cmodel/infra/config.o tu_cmodel/infra/config.c
cc -O2 -Wall -Wextra -std=c11 -fPIC -Itu_cmodel -c -o tu_cmodel/tu_int_quant.o tu_cmodel/tu_int_quant.c
cc -O2 -Wall -Wextra -std=c11 -fPIC -Itu_cmodel -c -o tu_cmodel/perf/performance_counters.o tu_cmodel/perf/performance_counters.c
cc -O2 -Wall -Wextra -std=c11 -fPIC -Itu_cmodel -c -o tu_cmodel/perf/event_trace.o tu_cmodel/perf/event_trace.c
cc -O2 -Wall -Wextra -std=c11 -fPIC -Itu_cmodel -c -o tu_cmodel/perf/power_model.o tu_cmodel/perf/power_model.c
cc -O2 -Wall -Wextra -std=c11 -fPIC -Itu_cmodel -c -o tu_cmodel/compute/pipeline_controller.o tu_cmodel/compute/pipeline_controller.c
cc -O2 -Wall -Wextra -std=c11 -fPIC -Itu_cmodel -c -o tu_cmodel/compute/dataflow/dataflow_registry.o tu_cmodel/compute/dataflow/dataflow_registry.c
cc -O2 -Wall -Wextra -std=c11 -fPIC -Itu_cmodel -c -o tu_cmodel/compute/dataflow/dataflow_dispatcher.o tu_cmodel/compute/dataflow/dataflow_dispatcher.c
cc -O2 -Wall -Wextra -std=c11 -fPIC -Itu_cmodel -c -o tu_cmodel/compute/dataflow/weight_stationary.o tu_cmodel/compute/dataflow/weight_stationary.c
cc -O2 -Wall -Wextra -std=c11 -fPIC -Itu_cmodel -c -o tu_cmodel/compute/dataflow/output_stationary.o tu_cmodel/compute/dataflow/output_stationary.c
cc -O2 -Wall -Wextra -std=c11 -fPIC -Itu_cmodel -c -o tu_cmodel/compute/dataflow/row_stationary.o tu_cmodel/compute/dataflow/row_stationary.c
cc -O2 -Wall -Wextra -std=c11 -fPIC -Itu_cmodel -c -o tu_cmodel/tu_core.o tu_cmodel/tu_core.c
cc -O2 -Wall -Wextra -std=c11 -fPIC -Itu_cmodel -c -o tu_cmodel/tu_cluster.o tu_cmodel/tu_cluster.c
cc -O2 -Wall -Wextra -std=c11 -fPIC -Itu_cmodel -c -o tu_cmodel/tu_status.o tu_cmodel/tu_status.c
cc -O2 -Wall -Wextra -std=c11 -fPIC -Itu_cmodel -c -o tu_cmodel/infra/tu_context.o tu_cmodel/infra/tu_context.c
cc -O2 -Wall -Wextra -std=c11 -fPIC -Itu_cmodel -c -o tu_cmodel/memory/weight_compress.o tu_cmodel/memory/weight_compress.c
cc -O2 -Wall -Wextra -std=c11 -fPIC -Itu_cmodel -c -o tu_cmodel/sparsity/structured_2of4.o tu_cmodel/sparsity/structured_2of4.c
cc -O2 -Wall -Wextra -std=c11 -fPIC -Itu_cmodel -c -o tu_cmodel/isa/tu_scheduler.o tu_cmodel/isa/tu_scheduler.c
cc -O2 -Wall -Wextra -std=c11 -fPIC -Itu_cmodel -c -o tu_cmodel/isa/tu_liveness.o tu_cmodel/isa/tu_liveness.c
cc -O2 -Wall -Wextra -std=c11 -fPIC -Itu_cmodel -c -o tu_cmodel/infra/tu_debug.o tu_cmodel/infra/tu_debug.c
cc -O2 -Wall -Wextra -std=c11 -fPIC -Itu_cmodel -c -o tu_cmodel/bindings/tu_dpi.o tu_cmodel/bindings/tu_dpi.c
ar rcs libtucmodel.a tu_cmodel/tu_cmodel.o tu_cmodel/tu_asm.o tu_cmodel/tu_precision.o tu_cmodel/tu_sram.o tu_cmodel/tu_dma.o tu_cmodel/dma_descriptor.o tu_cmodel/rounding.o tu_cmodel/fp8.o tu_cmodel/tf32.o tu_cmodel/command_queue.o tu_cmodel/memory/dram_model.o tu_cmodel/memory/memory_hierarchy.o tu_cmodel/memory/double_buffer.o tu_cmodel/memory/address_generator.o tu_cmodel/isa/tu_isa.o tu_cmodel/compute/elementwise_pipeline.o tu_cmodel/compute/normalization_engine.o tu_cmodel/compute/softmax_engine.o tu_cmodel/compute/convolution_engine.o tu_cmodel/compute/attention_engine.o tu_cmodel/compute/pooling_engine.o tu_cmodel/infra/logging.o tu_cmodel/infra/json_reader.o tu_cmodel/infra/config.o tu_cmodel/tu_int_quant.o tu_cmodel/perf/performance_counters.o tu_cmodel/perf/event_trace.o tu_cmodel/perf/power_model.o tu_cmodel/compute/pipeline_controller.o tu_cmodel/compute/dataflow/dataflow_registry.o tu_cmodel/compute/dataflow/dataflow_dispatcher.o tu_cmodel/compute/dataflow/weight_stationary.o tu_cmodel/compute/dataflow/output_stationary.o tu_cmodel/compute/dataflow/row_stationary.o tu_cmodel/tu_core.o tu_cmodel/tu_cluster.o tu_cmodel/tu_status.o tu_cmodel/infra/tu_context.o tu_cmodel/memory/weight_compress.o tu_cmodel/sparsity/structured_2of4.o tu_cmodel/isa/tu_scheduler.o tu_cmodel/isa/tu_liveness.o tu_cmodel/infra/tu_debug.o tu_cmodel/bindings/tu_dpi.o
echo "=== Building ASM test ==="
cc -O2 -Wall -Wextra -std=c11 -fPIC -I. -o /tmp/test_asm tests/test_asm.c -L. -ltucmodel -lm
echo "=== Running ASM interpreter ==="
/tmp/test_asm
echo "=== Compiling GPT-block ONNX → TU ==="
python3 compiler/onnx_to_tu.py examples/gpt_block.onnx -o /tmp/gpt_block_tu.c -n gpt_block 2>&1
echo ""
echo "=== Lines of generated C ==="
wc -l /tmp/gpt_block_tu.c
echo ""
echo "=== Building generated code ==="
cc -O2 -Wall -Wextra -std=c11 -fPIC -o /tmp/gpt_block_tu /tmp/gpt_block_tu.c -I. -L. -ltucmodel -lm 2>&1 || true
echo ""
echo "=== Running on TU CModel ==="
/tmp/gpt_block_tu 2>&1 || true
make: Nothing to be done for 'test-compiler'.
rm -f tu_cmodel/*.o tu_cmodel/memory/*.o tu_cmodel/sparsity/*.o tu_cmodel/isa/*.o tu_cmodel/compute/*.o tu_cmodel/compute/dataflow/*.o tu_cmodel/infra/*.o tu_cmodel/perf/*.o tu_cmodel/bindings/*.o libtucmodel.a libtucmodel.so
rm -f test-cmodel test-cmdq test-dma test-dram test-isa test-golden test-golden-full
rm -f test-dataflow test-elementwise test-bf16 test-memhier test-norm test-logging
rm -f test-int-quant test-conv test-random
rm -f test-rounding test-fp8 test-attention test-perf test-pool test-pipeline
rm -f test-agen test-multicore test-multicore-sweep test-compress test-errors test-config test-softmax test-double test-context test-context-switch-sweep test-compress test-weight-compression-sweep test-sparsity test-sparsity-sweep test-scheduler test-scheduler-sweep test-interconnect-topology-sweep test-interconnect-switching-sweep test-interconnect-contention-sweep test-interconnect-routing-sweep test-liveness test-power test-dpi test-dataflow-sweep test-rounding-sweep test-attention-sweep test-pooling-sweep test-softmax-sweep test-conv-sweep test-norm-sweep test-norm-attention-sweep test-conv-groups-sweep test-conv-pool-cascade test-mma-activation-sweep test-softmax-attention-sweep
rm -f /tmp/gpt_block_tu /tmp/gpt_block_tu.c /tmp/test_asm
rm -rf build/ci_reports
make: Leaving directory '/tmp/ch20-audit-pcJLh3/src'
