./artifacts/archive-members.txt: OK
./artifacts/input-commit.txt: OK
./artifacts/negative-control-status.txt: OK
./artifacts/source-ignored-after.sha256: OK
./artifacts/source-ignored-before.sha256: OK
./artifacts/source-pin.txt: OK
./artifacts/toolchain.txt: OK
./artifacts/ubsan-status.txt: OK
./inputs/edition.yaml: OK
./inputs/experiments/ch19_framing_reproduce.sh: OK
./inputs/experiments/ch19_predraft_validate.py: OK
./inputs/experiments/ch19_source_audit.py: OK
./inputs/experiments/ch19_static_transform_probe.c: OK
./inputs/experiments/ch19_ubsan_probe.c: OK
./inputs/experiments/run_ch19_static_transform_audit.sh: OK
./inputs/fidelity-matrix.md: OK
./INPUT_SHA256SUMS: OK
./inputs/manuscript/part-2-core/11-instruction-surfaces-and-command-queue-ordering.md: OK
./inputs/notes/chapter-19-framing-and-evidence-plan.md: OK
./inputs/notes/chapter-19-skeptical-review-dispositions.md: OK
./inputs/notes/chapter-19-source-and-claim-ledger.md: OK
./inputs/PLAN.md: OK
./inputs/source-audit.md: OK
./inputs/style-guide.md: OK
./logs/01-source-audit.log: OK
./logs/02-source-pin-control.log: OK
./logs/03-source-hash-control.log: OK
./logs/04-source-restored.log: OK
./logs/05-build.log: OK
./logs/06-focused-scheduler.log: OK
./logs/07-focused-liveness.log: OK
./logs/08-scheduler-sweep.log: OK
./logs/09-focused-scheduler-readelf.log: OK
./logs/10-focused-liveness-readelf.log: OK
./logs/11-scheduler-sweep-readelf.log: OK
./logs/12-static-transform-probe.log: OK
./logs/13-ubsan-scheduler.log: OK
./logs/14-ubsan-liveness.log: OK
./logs/15-control-scheduler-suite.log: OK
./logs/16-control-liveness-suite.log: OK
./logs/17-control-scheduler-identity.log: OK
./logs/18-control-liveness-opcode.log: OK
./logs/19-control-spill-accounting.log: OK
./logs/20-validator-control-normal.log: OK
./logs/21-validator-control-optimized.log: OK
./REPORT.md: OK
