
Dynamic section at offset 0x7d38 contains 28 entries:
  Tag        Type                         Name/Value
 0x0000000000000001 (NEEDED)             Shared library: [libc.so.6]
 0x0000000000000001 (NEEDED)             Shared library: [ld-linux-aarch64.so.1]
 0x000000000000000c (INIT)               0xbb8
 0x000000000000000d (FINI)               0x4fb4
 0x0000000000000019 (INIT_ARRAY)         0x17a48
 0x000000000000001b (INIT_ARRAYSZ)       8 (bytes)
 0x000000000000001a (FINI_ARRAY)         0x17a50
 0x000000000000001c (FINI_ARRAYSZ)       8 (bytes)
 0x000000006ffffef5 (GNU_HASH)           0x298
 0x0000000000000005 (STRTAB)             0x480
 0x0000000000000006 (SYMTAB)             0x2b8
 0x000000000000000a (STRSZ)              259 (bytes)
 0x000000000000000b (SYMENT)             24 (bytes)
 0x0000000000000015 (DEBUG)              0x0
 0x0000000000000003 (PLTGOT)             0x17f38
 0x0000000000000002 (PLTRELSZ)           288 (bytes)
 0x0000000000000014 (PLTREL)             RELA
 0x0000000000000017 (JMPREL)             0xa98
 0x0000000000000007 (RELA)               0x600
 0x0000000000000008 (RELASZ)             1176 (bytes)
 0x0000000000000009 (RELAENT)            24 (bytes)
 0x000000000000001e (FLAGS)              BIND_NOW
 0x000000006ffffffb (FLAGS_1)            Flags: NOW PIE
 0x000000006ffffffe (VERNEED)            0x5b0
 0x000000006fffffff (VERNEEDNUM)         2
 0x000000006ffffff0 (VERSYM)             0x584
 0x000000006ffffff9 (RELACOUNT)          43
 0x0000000000000000 (NULL)               0x0
