
Dynamic section at offset 0x4d50 contains 28 entries:
  Tag        Type                         Name/Value
 0x0000000000000001 (NEEDED)             Shared library: [libc.so.6]
 0x0000000000000001 (NEEDED)             Shared library: [ld-linux-aarch64.so.1]
 0x000000000000000c (INIT)               0x7f8
 0x000000000000000d (FINI)               0x3220
 0x0000000000000019 (INIT_ARRAY)         0x14d40
 0x000000000000001b (INIT_ARRAYSZ)       8 (bytes)
 0x000000000000001a (FINI_ARRAY)         0x14d48
 0x000000000000001c (FINI_ARRAYSZ)       8 (bytes)
 0x000000006ffffef5 (GNU_HASH)           0x298
 0x0000000000000005 (STRTAB)             0x450
 0x0000000000000006 (SYMTAB)             0x2b8
 0x000000000000000a (STRSZ)              244 (bytes)
 0x000000000000000b (SYMENT)             24 (bytes)
 0x0000000000000015 (DEBUG)              0x0
 0x0000000000000003 (PLTGOT)             0x14f50
 0x0000000000000002 (PLTRELSZ)           240 (bytes)
 0x0000000000000014 (PLTREL)             RELA
 0x0000000000000017 (JMPREL)             0x708
 0x0000000000000007 (RELA)               0x5b8
 0x0000000000000008 (RELASZ)             336 (bytes)
 0x0000000000000009 (RELAENT)            24 (bytes)
 0x000000000000001e (FLAGS)              BIND_NOW
 0x000000006ffffffb (FLAGS_1)            Flags: NOW PIE
 0x000000006ffffffe (VERNEED)            0x568
 0x000000006fffffff (VERNEEDNUM)         2
 0x000000006ffffff0 (VERSYM)             0x544
 0x000000006ffffff9 (RELACOUNT)          8
 0x0000000000000000 (NULL)               0x0
