archive-members.log: OK
body-validation-optimized.log: OK
body-validation.log: OK
boundary-checks-mutation.log: OK
boundary-checks.log: OK
build.log: OK
input-hashes.txt: OK
input_commit: OK
inputs/edition.yaml: OK
inputs/experiments/ch20_boundary_checks.py: OK
inputs/experiments/ch20_claim_authorization_probe.c: OK
inputs/experiments/ch20_predraft_validate.py: OK
inputs/experiments/ch20_source_audit.py: OK
inputs/experiments/run_ch20_claim_authorization_audit.sh: OK
inputs/notes/chapter-20-framing-and-evidence-plan.md: OK
inputs/notes/chapter-20-framing-review-dispositions.md: OK
inputs/notes/chapter-20-predraft-audit-report.md: OK
inputs/notes/chapter-20-source-and-claim-ledger.md: OK
probe-O0-dynamic.log: OK
probe-O0.log: OK
probe-O0.stderr.log: OK
probe-O2-dynamic.log: OK
probe-O2.log: OK
probe-O2.stderr.log: OK
probe-sanitizer.log: OK
probe-sanitizer.stderr.log: OK
source-audit-mutation.log: OK
source-audit-restored.log: OK
source-audit.log: OK
source_pin: OK
test-debug-mutation.log: OK
test-debug.log: OK
test-errors-mutation.log: OK
test-errors.log: OK
test-golden-mutation.log: OK
test-golden.log: OK
transcript.log: OK
validator-assert-mutation-normal.log: OK
validator-assert-mutation-optimized.log: OK
retained-files.txt: OK
