CHECK pin=PASS
CHECK hash:.github/workflows/ci.yml=PASS
CHECK hash:Makefile=PASS
CHECK hash:bindings/python/tu_bindings.py=PASS
CHECK hash:docs/differential-testing.md=PASS
CHECK hash:tests/test_debug.c=PASS
CHECK hash:tests/test_dpi.c=PASS
CHECK hash:tests/test_error_handling.c=PASS
CHECK hash:tests/test_framework.h=PASS
CHECK hash:tests/test_golden.c=PASS
CHECK hash:tests/test_random.c=PASS
CHECK hash:tools/ci_runner.sh=PASS
CHECK hash:tools/test_report.py=PASS
CHECK hash:tu_cmodel/bindings/tu_dpi.c=PASS
CHECK hash:tu_cmodel/bindings/tu_dpi.h=PASS
CHECK hash:tu_cmodel/infra/config.c=PASS
CHECK hash:tu_cmodel/infra/config.h=PASS
CHECK hash:tu_cmodel/infra/random_tensor.h=PASS
CHECK hash:tu_cmodel/infra/tu_debug.c=PASS
CHECK hash:tu_cmodel/infra/tu_debug.h=PASS
CHECK predicate:inventory-64-sources=PASS
CHECK predicate:inventory-59-source-prerequisites=PASS
CHECK predicate:inventory-31-aggregate=PASS
CHECK predicate:inventory-4-quick=PASS
CHECK predicate:inventory-five-relation-omissions=PASS
CHECK predicate:ci-four-and-fourteen=PASS
CHECK predicate:workflow-delegates-runner=PASS
CHECK predicate:make-suppresses-generated-compile=PASS
CHECK predicate:make-suppresses-generated-run=PASS
CHECK predicate:fixed-host-global-paths=PASS
CHECK predicate:ci-clean-after-report-dir=PASS
CHECK predicate:clean-removes-report-dir=PASS
CHECK predicate:quick-golden-status-suppressed=PASS
CHECK predicate:quick-golden-text-authority=PASS
CHECK predicate:coverage-status-suppressed=PASS
CHECK predicate:coverage-forced-pass=PASS
CHECK predicate:report-exit-absent=PASS
CHECK predicate:report-tail-can-override-failure=PASS
CHECK predicate:shared-comparator-nan-blind=PASS
CHECK predicate:golden-local-oracle=PASS
CHECK predicate:random-repository-oracle=PASS
CHECK predicate:config-parses-dataflow=PASS
CHECK predicate:runtime-conversion-drops-dataflow=PASS
CHECK predicate:debug-text-json-return-zero=PASS
CHECK predicate:debug-tests-use-vacuous-size=PASS
CHECK predicate:debug-checksum-tautology=PASS
CHECK predicate:replay-header-claims-reissue=PASS
CHECK predicate:replay-executes-no-op=PASS
CHECK predicate:replay-not-tested-execute=PASS
CHECK predicate:bounds-addition-can-wrap=PASS
CHECK predicate:error-injection-never-reached=PASS
CHECK predicate:dpi-identity-symmetric=PASS
CHECK predicate:binding-nonsymmetric-capable=PASS
CHECK predicate:binding-no-make-owner=PASS
CHECK predicate:binding-full-api-overclaim=PASS
CHECK predicate:binding-config-path-unused=PASS
CHECK predicate:debug-replay-invariant-external-callers-zero=PASS
CH20_SOURCE_AUDIT PASS pin=e918c80b6fce833cd1fcae97730fa841c2176f25 hashes=19 predicates=37 checks=57
