+ timeout 90s /tmp/tusim-ch13-work.EaXY4U/ch13-weight-sweep 
workload             profile  outW rleW bmpW   nnz  runs fmt   raw   rle   bmp adapt bound
-------------------- -------- ---- ---- ---- ----- ----- --- ----- ----- ----- ----- -----
alternating          serial      1    1    1  2048  4096 BMP   256  4096  4096  4096 DEC
alternating          balanced    8    4    8  2048  4096 BMP   256  1024   512   512 DEC
alternating          wide       16    8   16  2048  4096 BMP   256   769   256   256 DEC
alternating          xwide      32   16   32  2048  4096 BMP   256   769   145   145 DMA
random-zero-10%      serial      1    1    1  3685  3953 BMP   256  4096  4096  4096 DEC
random-zero-10%      balanced    8    4    8  3685  3953 BMP   256   989   512   512 DEC
random-zero-10%      wide       16    8   16  3685  3953 BMP   256   742   256   256 DEC
random-zero-10%      xwide      32   16   32  3685  3953 BMP   256   742   247   248 DMA
cluster-zero-10%     serial      1    1    1  3687   232 RLE   256  4096  4096  4096 DEC
cluster-zero-10%     balanced    8    4    8  3687   232 RLE   256   512   512   512 DEC
cluster-zero-10%     wide       16    8   16  3687   232 RLE   256   256   256   256 DEC
cluster-zero-10%     xwide      32   16   32  3687   232 RLE   256   128   247   128 DEC
random-zero-30%      serial      1    1    1  2881  3700 BMP   256  4096  4096  4096 DEC
random-zero-30%      balanced    8    4    8  2881  3700 BMP   256   925   512   512 DEC
random-zero-30%      wide       16    8   16  2881  3700 BMP   256   694   256   256 DEC
random-zero-30%      xwide      32   16   32  2881  3700 BMP   256   694   197   197 DMA
cluster-zero-30%     serial      1    1    1  2868   181 RLE   256  4096  4096  4096 DEC
cluster-zero-30%     balanced    8    4    8  2868   181 RLE   256   512   512   512 DEC
cluster-zero-30%     wide       16    8   16  2868   181 RLE   256   256   256   256 DEC
cluster-zero-30%     xwide      32   16   32  2868   181 RLE   256   128   196   128 DEC
random-zero-50%      serial      1    1    1  2053  3059 BMP   256  4096  4096  4096 DEC
random-zero-50%      balanced    8    4    8  2053  3059 BMP   256   765   512   512 DEC
random-zero-50%      wide       16    8   16  2053  3059 BMP   256   574   256   256 DEC
random-zero-50%      xwide      32   16   32  2053  3059 BMP   256   574   145   146 DMA
cluster-zero-50%     serial      1    1    1  2048   129 RLE   256  4096  4096  4096 DEC
cluster-zero-50%     balanced    8    4    8  2048   129 RLE   256   512   512   512 DEC
cluster-zero-50%     wide       16    8   16  2048   129 RLE   256   256   256   256 DEC
cluster-zero-50%     xwide      32   16   32  2048   129 RLE   256   128   145   128 DEC
random-zero-70%      serial      1    1    1  1243  2112 BMP   256  4096  4096  4096 DEC
random-zero-70%      balanced    8    4    8  1243  2112 BMP   256   528   512   512 DEC
random-zero-70%      wide       16    8   16  1243  2112 BMP   256   397   256   256 DEC
random-zero-70%      xwide      32   16   32  1243  2112 BMP   256   397   128   128 DEC
cluster-zero-70%     serial      1    1    1  1229    78 RLE   256  4096  4096  4096 DEC
cluster-zero-70%     balanced    8    4    8  1229    78 RLE   256   512   512   512 DEC
cluster-zero-70%     wide       16    8   16  1229    78 RLE   256   256   256   256 DEC
cluster-zero-70%     xwide      32   16   32  1229    78 RLE   256   128   128   128 DEC
random-zero-90%      serial      1    1    1   435   827 BMP   256  4096  4096  4096 DEC
random-zero-90%      balanced    8    4    8   435   827 BMP   256   512   512   512 DEC
random-zero-90%      wide       16    8   16   435   827 BMP   256   256   256   256 DEC
random-zero-90%      xwide      32   16   32   435   827 BMP   256   156   128   128 DEC
cluster-zero-90%     serial      1    1    1   410    27 RLE   256  4096  4096  4096 DEC
cluster-zero-90%     balanced    8    4    8   410    27 RLE   256   512   512   512 DEC
cluster-zero-90%     wide       16    8   16   410    27 RLE   256   256   256   256 DEC
cluster-zero-90%     xwide      32   16   32   410    27 RLE   256   128   128   128 DEC
all-zero             serial      1    1    1     0     1 RLE   256  4096  4096  4096 DEC
all-zero             balanced    8    4    8     0     1 RLE   256   512   512   512 DEC
all-zero             wide       16    8   16     0     1 RLE   256   256   256   256 DEC
all-zero             xwide      32   16   32     0     1 RLE   256   128   128   128 DEC
