make: Entering directory '/tmp/ch15-dram-xP5L1m/work'
cc -O2 -Wall -Wextra -std=c11 -fPIC -c -o tu_cmodel/dma_descriptor.o tu_cmodel/dma_descriptor.c
cc -O2 -Wall -Wextra -std=c11 -fPIC -Itu_cmodel -c -o tu_cmodel/rounding.o tu_cmodel/rounding.c
cc -O2 -Wall -Wextra -std=c11 -fPIC -Itu_cmodel -c -o tu_cmodel/fp8.o tu_cmodel/fp8.c
cc -O2 -Wall -Wextra -std=c11 -fPIC -Itu_cmodel -c -o tu_cmodel/tf32.o tu_cmodel/tf32.c
cc -O2 -Wall -Wextra -std=c11 -fPIC -Itu_cmodel -c -o tu_cmodel/memory/dram_model.o tu_cmodel/memory/dram_model.c
cc -O2 -Wall -Wextra -std=c11 -fPIC -Itu_cmodel -c -o tu_cmodel/memory/memory_hierarchy.o tu_cmodel/memory/memory_hierarchy.c
cc -O2 -Wall -Wextra -std=c11 -fPIC -Itu_cmodel -c -o tu_cmodel/memory/double_buffer.o tu_cmodel/memory/double_buffer.c
cc -O2 -Wall -Wextra -std=c11 -fPIC -Itu_cmodel -c -o tu_cmodel/memory/address_generator.o tu_cmodel/memory/address_generator.c
cc -O2 -Wall -Wextra -std=c11 -fPIC -Itu_cmodel -c -o tu_cmodel/isa/tu_isa.o tu_cmodel/isa/tu_isa.c
cc -O2 -Wall -Wextra -std=c11 -fPIC -Itu_cmodel -c -o tu_cmodel/compute/elementwise_pipeline.o tu_cmodel/compute/elementwise_pipeline.c
cc -O2 -Wall -Wextra -std=c11 -fPIC -Itu_cmodel -c -o tu_cmodel/compute/normalization_engine.o tu_cmodel/compute/normalization_engine.c
cc -O2 -Wall -Wextra -std=c11 -fPIC -Itu_cmodel -c -o tu_cmodel/compute/softmax_engine.o tu_cmodel/compute/softmax_engine.c
cc -O2 -Wall -Wextra -std=c11 -fPIC -Itu_cmodel -c -o tu_cmodel/compute/convolution_engine.o tu_cmodel/compute/convolution_engine.c
cc -O2 -Wall -Wextra -std=c11 -fPIC -Itu_cmodel -c -o tu_cmodel/compute/attention_engine.o tu_cmodel/compute/attention_engine.c
cc -O2 -Wall -Wextra -std=c11 -fPIC -Itu_cmodel -c -o tu_cmodel/compute/pooling_engine.o tu_cmodel/compute/pooling_engine.c
cc -O2 -Wall -Wextra -std=c11 -fPIC -Itu_cmodel -c -o tu_cmodel/infra/logging.o tu_cmodel/infra/logging.c
tu_cmodel/infra/logging.c: In function ‘tu_trace_export_vcd’:
tu_cmodel/infra/logging.c:229:17: warning: unused variable ‘comp_names’ [-Wunused-variable]
  229 |     const char *comp_names[] = {
      |                 ^~~~~~~~~~
cc -O2 -Wall -Wextra -std=c11 -fPIC -Itu_cmodel -c -o tu_cmodel/infra/json_reader.o tu_cmodel/infra/json_reader.c
cc -O2 -Wall -Wextra -std=c11 -fPIC -Itu_cmodel -c -o tu_cmodel/infra/config.o tu_cmodel/infra/config.c
tu_cmodel/infra/config.c:62:13: warning: ‘parse_opt_uint’ defined but not used [-Wunused-function]
   62 | static bool parse_opt_uint(const tu_json_value_t *obj, const char *key,
      |             ^~~~~~~~~~~~~~
cc -O2 -Wall -Wextra -std=c11 -fPIC -Itu_cmodel -c -o tu_cmodel/tu_int_quant.o tu_cmodel/tu_int_quant.c
cc -O2 -Wall -Wextra -std=c11 -fPIC -Itu_cmodel -c -o tu_cmodel/perf/performance_counters.o tu_cmodel/perf/performance_counters.c
cc -O2 -Wall -Wextra -std=c11 -fPIC -Itu_cmodel -c -o tu_cmodel/perf/event_trace.o tu_cmodel/perf/event_trace.c
cc -O2 -Wall -Wextra -std=c11 -fPIC -Itu_cmodel -c -o tu_cmodel/perf/power_model.o tu_cmodel/perf/power_model.c
cc -O2 -Wall -Wextra -std=c11 -fPIC -Itu_cmodel -c -o tu_cmodel/compute/pipeline_controller.o tu_cmodel/compute/pipeline_controller.c
cc -O2 -Wall -Wextra -std=c11 -fPIC -Itu_cmodel -c -o tu_cmodel/compute/dataflow/dataflow_registry.o tu_cmodel/compute/dataflow/dataflow_registry.c
cc -O2 -Wall -Wextra -std=c11 -fPIC -Itu_cmodel -c -o tu_cmodel/compute/dataflow/dataflow_dispatcher.o tu_cmodel/compute/dataflow/dataflow_dispatcher.c
cc -O2 -Wall -Wextra -std=c11 -fPIC -Itu_cmodel -c -o tu_cmodel/compute/dataflow/weight_stationary.o tu_cmodel/compute/dataflow/weight_stationary.c
cc -O2 -Wall -Wextra -std=c11 -fPIC -Itu_cmodel -c -o tu_cmodel/compute/dataflow/output_stationary.o tu_cmodel/compute/dataflow/output_stationary.c
cc -O2 -Wall -Wextra -std=c11 -fPIC -Itu_cmodel -c -o tu_cmodel/compute/dataflow/row_stationary.o tu_cmodel/compute/dataflow/row_stationary.c
cc -O2 -Wall -Wextra -std=c11 -fPIC -Itu_cmodel -c -o tu_cmodel/tu_core.o tu_cmodel/tu_core.c
cc -O2 -Wall -Wextra -std=c11 -fPIC -Itu_cmodel -c -o tu_cmodel/tu_cluster.o tu_cmodel/tu_cluster.c
cc -O2 -Wall -Wextra -std=c11 -fPIC -Itu_cmodel -c -o tu_cmodel/tu_status.o tu_cmodel/tu_status.c
cc -O2 -Wall -Wextra -std=c11 -fPIC -Itu_cmodel -c -o tu_cmodel/infra/tu_context.o tu_cmodel/infra/tu_context.c
cc -O2 -Wall -Wextra -std=c11 -fPIC -Itu_cmodel -c -o tu_cmodel/memory/weight_compress.o tu_cmodel/memory/weight_compress.c
cc -O2 -Wall -Wextra -std=c11 -fPIC -Itu_cmodel -c -o tu_cmodel/sparsity/structured_2of4.o tu_cmodel/sparsity/structured_2of4.c
cc -O2 -Wall -Wextra -std=c11 -fPIC -Itu_cmodel -c -o tu_cmodel/isa/tu_scheduler.o tu_cmodel/isa/tu_scheduler.c
cc -O2 -Wall -Wextra -std=c11 -fPIC -Itu_cmodel -c -o tu_cmodel/isa/tu_liveness.o tu_cmodel/isa/tu_liveness.c
cc -O2 -Wall -Wextra -std=c11 -fPIC -Itu_cmodel -c -o tu_cmodel/infra/tu_debug.o tu_cmodel/infra/tu_debug.c
cc -O2 -Wall -Wextra -std=c11 -fPIC -Itu_cmodel -c -o tu_cmodel/bindings/tu_dpi.o tu_cmodel/bindings/tu_dpi.c
ar rcs libtucmodel.a tu_cmodel/tu_cmodel.o tu_cmodel/tu_asm.o tu_cmodel/tu_precision.o tu_cmodel/tu_sram.o tu_cmodel/tu_dma.o tu_cmodel/dma_descriptor.o tu_cmodel/rounding.o tu_cmodel/fp8.o tu_cmodel/tf32.o tu_cmodel/command_queue.o tu_cmodel/memory/dram_model.o tu_cmodel/memory/memory_hierarchy.o tu_cmodel/memory/double_buffer.o tu_cmodel/memory/address_generator.o tu_cmodel/isa/tu_isa.o tu_cmodel/compute/elementwise_pipeline.o tu_cmodel/compute/normalization_engine.o tu_cmodel/compute/softmax_engine.o tu_cmodel/compute/convolution_engine.o tu_cmodel/compute/attention_engine.o tu_cmodel/compute/pooling_engine.o tu_cmodel/infra/logging.o tu_cmodel/infra/json_reader.o tu_cmodel/infra/config.o tu_cmodel/tu_int_quant.o tu_cmodel/perf/performance_counters.o tu_cmodel/perf/event_trace.o tu_cmodel/perf/power_model.o tu_cmodel/compute/pipeline_controller.o tu_cmodel/compute/dataflow/dataflow_registry.o tu_cmodel/compute/dataflow/dataflow_dispatcher.o tu_cmodel/compute/dataflow/weight_stationary.o tu_cmodel/compute/dataflow/output_stationary.o tu_cmodel/compute/dataflow/row_stationary.o tu_cmodel/tu_core.o tu_cmodel/tu_cluster.o tu_cmodel/tu_status.o tu_cmodel/infra/tu_context.o tu_cmodel/memory/weight_compress.o tu_cmodel/sparsity/structured_2of4.o tu_cmodel/isa/tu_scheduler.o tu_cmodel/isa/tu_liveness.o tu_cmodel/infra/tu_debug.o tu_cmodel/bindings/tu_dpi.o
make: Leaving directory '/tmp/ch15-dram-xP5L1m/work'
