
Dynamic section at offset 0x50b00 contains 33 entries:
  Tag        Type                         Name/Value
 0x0000000000000001 (NEEDED)             Shared library: [libasan.so.6]
 0x0000000000000001 (NEEDED)             Shared library: [libm.so.6]
 0x0000000000000001 (NEEDED)             Shared library: [libubsan.so.1]
 0x0000000000000001 (NEEDED)             Shared library: [libc.so.6]
 0x0000000000000001 (NEEDED)             Shared library: [ld-linux-aarch64.so.1]
 0x000000000000000c (INIT)               0x1dbf8
 0x000000000000000d (FINI)               0x3fb54
 0x0000000000000020 (PREINIT_ARRAY)      0x60728
 0x0000000000000021 (PREINIT_ARRAYSZ)    8 (bytes)
 0x0000000000000019 (INIT_ARRAY)         0x60730
 0x000000000000001b (INIT_ARRAYSZ)       16 (bytes)
 0x000000000000001a (FINI_ARRAY)         0x60740
 0x000000000000001c (FINI_ARRAYSZ)       16 (bytes)
 0x000000006ffffef5 (GNU_HASH)           0x298
 0x0000000000000005 (STRTAB)             0xa20
 0x0000000000000006 (SYMTAB)             0x2b8
 0x000000000000000a (STRSZ)              1244 (bytes)
 0x000000000000000b (SYMENT)             24 (bytes)
 0x0000000000000015 (DEBUG)              0x0
 0x0000000000000003 (PLTGOT)             0x60d50
 0x0000000000000002 (PLTRELSZ)           1680 (bytes)
 0x0000000000000014 (PLTREL)             RELA
 0x0000000000000017 (JMPREL)             0x1d568
 0x0000000000000007 (RELA)               0x1020
 0x0000000000000008 (RELASZ)             116040 (bytes)
 0x0000000000000009 (RELAENT)            24 (bytes)
 0x000000000000001e (FLAGS)              BIND_NOW
 0x000000006ffffffb (FLAGS_1)            Flags: NOW PIE
 0x000000006ffffffe (VERNEED)            0xfa0
 0x000000006fffffff (VERNEEDNUM)         3
 0x000000006ffffff0 (VERSYM)             0xefc
 0x000000006ffffff9 (RELACOUNT)          4826
 0x0000000000000000 (NULL)               0x0
