archive-members.log: OK
aspect-raw.log: OK
aspect-rows.csv: OK
body-validation-normal.log: OK
body-validation-optimized.log: OK
boundary-audit.log: OK
boundary-mutation.log: OK
build.log: OK
commands.txt: OK
decision-schema-check.log: OK
environment.txt: OK
failure-early-summary.log: OK
failure-early.log: OK
formula-mutation.log: OK
formula-results.json: OK
formula.log: OK
input-hashes.txt: OK
input_commit: OK
inputs/edition.yaml: OK
inputs/experiments/ch21_boundary_audit.py: OK
inputs/experiments/ch21_formula_probe.py: OK
inputs/experiments/ch21_predraft_validate.py: OK
inputs/experiments/ch21_source_audit.py: OK
inputs/experiments/ch21_sweep_probe.c: OK
inputs/experiments/run_ch21_sweep_evidence_audit.sh: OK
inputs/notes/chapter-21-exact-review-reseal-dispositions.md: OK
inputs/notes/chapter-21-framing-and-evidence-plan.md: OK
inputs/notes/chapter-21-framing-review-dispositions.md: OK
inputs/notes/chapter-21-limitation-register.md: OK
inputs/notes/chapter-21-metric-fidelity-register.json: OK
inputs/notes/chapter-21-predraft-audit-report.md: OK
inputs/notes/chapter-21-skeptical-predraft-review-dispositions.md: OK
inputs/notes/chapter-21-source-and-claim-ledger.md: OK
inputs/notes/chapter-21-worked-decision-schema.json: OK
inputs/references/ch21-primary-source-verification-ledger.json: OK
inputs/references/ch21-sweep-method-primary-sources.md: OK
inventory.json: OK
manifest-hierarchy-mutations.log: OK
metric-register.json: OK
probe-O0-dynamic.log: OK
probe-O0.log: OK
probe-O0.stderr.log: OK
probe-O2-dynamic.log: OK
probe-O2.log: OK
probe-O2.stderr.log: OK
probe-route-mutation.log: OK
relation-mutation.log: OK
report-role-mutation.log: OK
sensitivity-rows.csv: OK
source-audit-hash-mutation.log: OK
source-audit-restored.log: OK
source-audit.log: OK
source-state-expected.txt: OK
source_pin: OK
status-mutation.log: OK
transcript.log: OK
validator-assert-mutation-normal.log: OK
validator-assert-mutation-optimized.log: OK
validator-input-mutation-normal.log: OK
validator-input-mutation-optimized.log: OK
retained-files.txt: OK
