CHECK pin=PASS
CHECK hash:Makefile=PASS
CHECK hash:scripts/sweep_aspect_ratio.py=PASS
CHECK hash:tests/test_dataflow_sweep.c=PASS
CHECK hash:tests/test_rounding_sweep.c=PASS
CHECK hash:tests/test_context_switch_sweep.c=PASS
CHECK hash:tests/test_int8_sweep.c=PASS
CHECK hash:tests/test_interconnect_topology_sweep.c=PASS
CHECK hash:tests/test_mma_activation_sweep.c=PASS
CHECK hash:tu_cmodel/tu_core.c=FAIL
CHECK hash:tu_cmodel/compute/dataflow/dataflow_dispatcher.c=PASS
CHECK hash:tu_cmodel/tu_cmodel.c=PASS
CHECK hash:tu_cmodel/rounding.c=PASS
CHECK hash:tu_cmodel/tu_precision.c=PASS
CHECK hash:tu_cmodel/infra/tu_context.c=PASS
CHECK hash:docs/exploration/aspect-ratio-alignment-sweep.md=PASS
CHECK hash:docs/exploration/dataflow-comparison-gemm128.md=PASS
CHECK hash:docs/exploration/rounding-mode-accuracy-sweep.md=PASS
CHECK hash:docs/exploration/context-switch-state-scope.md=PASS
CHECK predicate:exact-21-sweep-token-sources=PASS
CHECK predicate:exact-22-source-target-pairs=PASS
CHECK predicate:manual-no-rule-singleton=PASS
CHECK predicate:exploration-targets-not-aggregate=PASS
CHECK predicate:exact-46-report-set=PASS
CHECK predicate:no-source-manifest=PASS
CHECK predicate:dataflow-label-set-before-core-call=PASS
CHECK predicate:core-operation-swaps-snapshot-in=PASS
CHECK predicate:dataflow-sweep-unconditional-success=PASS
CHECK predicate:dataflow-analytical-formula-local=PASS
CHECK predicate:dataflow-sweep-all-three-cycle-formulas=PASS
CHECK predicate:dataflow-report-shape-level-formulas=PASS
CHECK predicate:dataflow-dispatcher-cycle-composition=PASS
CHECK predicate:rounding-mode-affects-conversion=PASS
CHECK predicate:rounding-first-stochastic-unseeded=PASS
CHECK predicate:rounding-only-one-explicit-seed=PASS
CHECK predicate:context-transfer-equation=PASS
CHECK predicate:context-sweep-three-scopes=PASS
CHECK predicate:aspect-exact-axis-lists=PASS
CHECK predicate:aspect-script-two-different-fill-drain-formulas=PASS
CHECK predicate:aspect-report-compiler-action-unsupported=PASS
CHECK predicate:aspect-report-global-remainder-overclaim=PASS
CHECK predicate:producer-classes-separated=PASS
CH21_SOURCE_AUDIT FAIL pin=e918c80b6fce833cd1fcae97730fa841c2176f25 hashes=18 predicates=23 checks=42
FAILURES hash:tu_cmodel/tu_core.c
