inputs/edition.yaml: OK
inputs/PLAN.md: OK
inputs/style-guide.md: OK
inputs/fidelity-matrix.md: OK
inputs/source-audit.md: OK
inputs/notes/chapter-18-framing-and-evidence-plan.md: OK
inputs/notes/chapter-18-framing-review-dispositions.md: OK
inputs/experiments/ch18_framing_reproduce.sh: OK
inputs/notes/chapter-18-framing-reproduction.log: OK
inputs/notes/chapter-18-source-and-claim-ledger.md: OK
inputs/notes/chapter-18-predraft-source-audit-report.md: OK
inputs/notes/chapter-18-skeptical-review-dispositions.md: OK
inputs/experiments/ch18_source_audit.py: OK
inputs/experiments/ch18_context_probe.c: OK
inputs/experiments/ch18_predraft_validate.py: OK
inputs/experiments/run_ch18_context_audit.sh: OK
input-hashes.txt: OK
input_commit: OK
source_pin: OK
tusim-ignored-before.sha256: OK
tusim-ignored-after.sha256: OK
source-audit.log: OK
source-audit-pin-mutation.log: OK
source-audit-mutation.log: OK
source-audit-restored.log: OK
build.log: OK
archive-members.log: OK
test-context-readelf.log: OK
test-context-mut-readelf.log: OK
test-context-sweep-readelf.log: OK
ch18-probe-readelf.log: OK
ch18-probe-o2-readelf.log: OK
test-context.log: OK
test-context-mutation.log: OK
test-context-sweep.log: OK
probe.log: OK
probe-o2.log: OK
validator-mutation-normal.log: OK
validator-mutation-optimized.log: OK
transcript.log: OK
