inputs/edition.yaml: OK
inputs/experiments/ch16_double_buffer_probe.c: OK
inputs/experiments/ch16_predraft_validate.py: OK
inputs/experiments/ch16_recompute_report.py: OK
inputs/experiments/ch16_source_audit.py: OK
inputs/experiments/run_ch16_double_buffer_audit.sh: OK
inputs/fidelity-matrix.md: OK
inputs/notes/chapter-16-framing-and-evidence-plan.md: OK
inputs/notes/chapter-16-predraft-source-audit-report.md: OK
inputs/notes/chapter-16-skeptical-review-dispositions.md: OK
inputs/notes/chapter-16-source-and-claim-ledger.md: OK
inputs/PLAN.md: OK
inputs/source-audit.md: OK
inputs/style-guide.md: OK
input-hashes.txt: OK
input_commit: OK
source_pin: OK
tusim-ignored-before.sha256: OK
tusim-ignored-after.sha256: OK
source-audit.log: OK
source-audit-mutation.log: OK
source-audit-restored.log: OK
build.log: OK
archive-members.log: OK
test-double-readelf.log: OK
probe-readelf.log: OK
test-double.log: OK
test-double-mutation.log: OK
probe.log: OK
report-recompute.log: OK
asan-build.log: OK
asan-probe.log: OK
transcript.log: OK
